// Jest Snapshot v1, https://goo.gl/fbAQLP

exports[`CSV export Generates proper CSV 1`] = `
"imageId,imageName,width,height,class,xmin,ymin,xmax,ymax,imageUrl
9b8fb142-8388-11ec-a8ee-f7dcb0508f86,Test Image with labels 1,1920,1080,Test Class With Labels 1,100,200,200,300,https://localhost:3000/api/downloads/8f47e891-3b24-427a-8db0-dab362fbe269/9b8fb142-8388-11ec-a8ee-f7dcb0508f86.jpg/original.jpeg
a552037e-8388-11ec-965b-07327355c580,Test Image with labels 2,320,240,\\"Test Class With Labels, 2\\",100,200,200,300,https://localhost:3000/api/downloads/8f47e891-3b24-427a-8db0-dab362fbe269/a552037e-8388-11ec-965b-07327355c580.jpg/original.jpeg
"
`;
